======================================================================================================= test session starts ========================================================================================================
platform linux -- Python 3.7.17, pytest-7.4.0, pluggy-1.2.0 -- /home/lowqa/.local/share/virtualenvs/cyber-factory-raspberry-Cbc0pRzl/bin/python
cachedir: .pytest_cache
rootdir: /home/lowqa/WORK/dev_repositories/cyber-factory-raspberry
collecting ... collected 12 items / 2 errors

============================================================================================================== ERRORS ==============================================================================================================
__________________________________________________________________________________ ERROR collecting tests/services/test_cyber_factory_services.py __________________________________________________________________________________
ImportError while importing test module '/home/lowqa/WORK/dev_repositories/cyber-factory-raspberry/tests/services/test_cyber_factory_services.py'.
Hint: make sure your test modules/packages have valid Python names.
Traceback:
../../../.pyenv/versions/3.7.17/lib/python3.7/importlib/__init__.py:127: in import_module
    return _bootstrap._gcd_import(name[level:], package, level)
tests/services/test_cyber_factory_services.py:9: in <module>
    from src.schemas.sfc import SFC
E   ImportError: cannot import name 'SFC' from 'src.schemas.sfc' (/home/lowqa/WORK/dev_repositories/cyber-factory-raspberry/src/schemas/sfc.py)
________________________________________________________________________________________ ERROR collecting tests/system_analyzer/test_sfc.py ________________________________________________________________________________________
ImportError while importing test module '/home/lowqa/WORK/dev_repositories/cyber-factory-raspberry/tests/system_analyzer/test_sfc.py'.
Hint: make sure your test modules/packages have valid Python names.
Traceback:
../../../.pyenv/versions/3.7.17/lib/python3.7/importlib/__init__.py:127: in import_module
    return _bootstrap._gcd_import(name[level:], package, level)
tests/system_analyzer/test_sfc.py:5: in <module>
    from src.system_analyzer.sfc import InstalledApplications
E   ImportError: cannot import name 'InstalledApplications' from 'src.system_analyzer.sfc' (/home/lowqa/WORK/dev_repositories/cyber-factory-raspberry/src/system_analyzer/sfc.py)
===================================================================================================== short test summary info ======================================================================================================
ERROR tests/services/test_cyber_factory_services.py
ERROR tests/system_analyzer/test_sfc.py
!!!!!!!!!!!!!!!!!!!!!!!!!!!!!!!!!!!!!!!!!!!!!!!!!!!!!!!!!!!!!!!!!!!!!!!!!!!!!!!!!!!!!!!!!!!!! Interrupted: 2 errors during collection !!!!!!!!!!!!!!!!!!!!!!!!!!!!!!!!!!!!!!!!!!!!!!!!!!!!!!!!!!!!!!!!!!!!!!!!!!!!!!!!!!!!!!!!!!!!!!
======================================================================================================== 2 errors in 0.66s =========================================================================================================
